{
  "v1": {
    "config": {},
    "releaseName": "integration-test-docker",
    "upstream": "__upstream__",
    "metadata": {
      "applicationType": "replicated.app",
      "customerID": "__customerID__",
      "installationID": "__installationID__",
      "license": {
        "assignee": "",
        "createdAt": "0001-01-01T00:00:00Z",
        "expiresAt": "0001-01-01T00:00:00Z",
        "id": "",
        "type": ""
      },
      "releaseNotes": "",
      "sequence": 0,
      "version": "1.0.0-SNAPSHOT"
    },
    "contentSHA": "e440ab14be5fead6c7f01efd0b24b9a1db2c809467dbeb314f81dcdeb8553ca7"
  }
}
