{
  "v1": {
    "config": {},
    "releaseName": "nightly",
    "upstream": "staging.replicated.app/ship-integration-testing/?license_id=hLHawMDiyQIeFS7kqVFtD2f44LNh8u5Z\u0026semver=0.0.1",
    "metadata": {
      "applicationType": "replicated.app",
      "sequence": 0,
      "releaseNotes": "",
      "version": "0.0.1",
      "licenseID": "hLHawMDiyQIeFS7kqVFtD2f44LNh8u5Z",
      "appSlug": "ship-integration-testing",
      "license": {
        "id": "hLHawMDiyQIeFS7kqVFtD2f44LNh8u5Z",
        "assignee": "customer info test",
        "createdAt": "2019-06-11T21:24:30Z",
        "expiresAt": "0001-01-01T00:00:00Z",
        "type": "dev"
      }
    },
    "shipVersion": {
      "buildTime": "0001-01-01T00:00:00Z",
      "dependencies": {}
    },
    "contentSHA": "21e1e1d408b05347ce52dd19915f6ac607d67f4afd7f69f7bdaac49a5c9a4a23"
  }
}
