{
  "v1": {
    "config": {},
    "contentSHA": "d47ebd26011bd04c77946884c93a7ec98bee02108ef164424c05cd9095199f7b",
    "releaseName": "integration-replicated-app-helm-github",
    "upstream": "__upstream__",
    "metadata": {
      "applicationType": "replicated.app",
      "customerID": "__customerID__",
      "installationID": "__installationID__",
      "license": {
        "assignee": "",
        "createdAt": "0001-01-01T00:00:00Z",
        "expiresAt": "0001-01-01T00:00:00Z",
        "id": "",
        "type": ""
      },
      "releaseNotes": "",
      "sequence": 0,
      "version": "1.0.1-SNAPSHOT"
    }
  }
}
