{
  "v1": {
    "config": {},
    "releaseName": "ship",
    "upstream": "__upstream__",
    "contentSHA": "54bf58eb33a5037a41d9f649b1104c542e15fa780892e4e40e4c008a3f91e24c"
  }
}
