{
  "v1": {
    "config": {},
    "contentSHA": "bc7239400a3ffad5db48aac3f04ef23e6d8c65934e0c43c747b79b8841c490af",
    "metadata": {
      "applicationType": "replicated.app",
      "customerID": "-Am-_6i5pw0u4AbspOwKN4lZUCn49u_G",
      "installationID": "Jn0nK8OlT3k9AYqpnq6SGqzo_srKjzjQ",
      "license": {
        "assignee": "",
        "createdAt": "0001-01-01T00:00:00Z",
        "expiresAt": "0001-01-01T00:00:00Z",
        "id": "",
        "type": ""
      },
      "releaseNotes": "",
      "sequence": 0,
      "version": "0.0.1-b"
    },
    "releaseName": "integration-test-aws-eks",
    "upstream": "__upstream__"
  }
}
