{
  "v1": {
    "config": {},
    "upstream": "__upstream__",
    "contentSHA": "ffb4e54d56ff40765aad683612a5dd1dab8d899458092ec19fcfe473d85a3566",
    "metadata": {
      "applicationType": "replicated.app",
      "customerID": "__customerID__",
      "installationID": "__installationID__",
      "license": {
        "assignee": "",
        "createdAt": "0001-01-01T00:00:00Z",
        "expiresAt": "0001-01-01T00:00:00Z",
        "id": "",
        "type": ""
      },
      "releaseNotes": "integration tests",
      "sequence": 0,
      "version": "1.0.1-SNAPSHOT"
    },
    "releaseName": "integration-replicated-app-installation-template-func"
  }
}
