{
  "v1": {
    "config": {},
    "releaseName": "ship",
    "upstream": "__upstream__",
    "contentSHA": "2a14c1c8778b89303a748f80520d6fd7fc30751489f7e8a4fbee09eaf2950ec1"
  }
}
