{
  "v1": {
    "config": {},
    "upstream": "__upstream__",
    "contentSHA": "ecde9a9503806a80c7d65366b4484c4d8aaba13af29057849bd5c3475a760a42",
    "metadata": {
      "applicationType": "replicated.app",
      "license": {
        "assignee": "ship troubleshoot integration test",
        "createdAt": "2019-06-19T23:26:30Z",
        "expiresAt": "0001-01-01T00:00:00Z",
        "id": "__licenseID__",
        "type": "trial"
      },
      "releaseNotes": "",
      "sequence": 0,
      "version": "0.0.3",
      "appSlug": "__appSlug__",
      "licenseID": "__licenseID__"
    },
    "releaseName": "stable"
  }
}
