{
  "v1": {
    "config": {
      "test_option": "abc123_test-option-value"
    },
    "contentSHA": "8b264700d9195e35bdc95332279dccddc9a173510103be203c25f9bde1ca7f27",
    "metadata": {
      "applicationType": "replicated.app",
      "customerID": "-Am-_6i5pw0u4AbspOwKN4lZUCn49u_G",
      "installationID": "RULNveQLrLj4GDum1yQhvKAcABh0GcLY",
      "releaseNotes": "",
      "license": {
        "assignee": "",
        "createdAt": "0001-01-01T00:00:00Z",
        "expiresAt": "0001-01-01T00:00:00Z",
        "id": "",
        "type": ""
      },
      "sequence": 0,
      "version": "0.0.9"
    },
    "releaseName": "integration-test-basic-and-docker",
    "upstream": "__upstream__"
  }
}
