{
  "v1": {
    "config": {
      "option": "abc123"
    },
    "upstream": "__upstream__",
    "contentSHA": "1525f4ea74e654c3d6a021e2ded45e28b07164c5a2ef56a831047ef730c42a60",
    "metadata": {
      "applicationType": "replicated.app",
      "customerID": "__customerID__",
      "installationID": "__installationID__",
      "license": {
        "assignee": "",
        "createdAt": "0001-01-01T00:00:00Z",
        "expiresAt": "0001-01-01T00:00:00Z",
        "id": "",
        "type": ""
      },
      "releaseNotes": "integration tests",
      "sequence": 0,
      "version": "1.0.1-SNAPSHOT"
    },
    "releaseName": "integration-replicated-app-github-template-func"
  }
}
