{
  "v1": {
    "config": {
      "cluster": "Ovarb",
      "environment": "Epsilon",
      "namespace": "Alpha",
      "scheduler": ""
    },
    "contentSHA": "3227ff33ca66ceb1088335d11c62b628516870611c550330449da08cc4c9d8ba",
    "metadata": {
      "applicationType": "replicated.app",
      "customerID": "-Am-_6i5pw0u4AbspOwKN4lZUCn49u_G",
      "installationID": "PYRBRKHcTSbMPFJqz3a_82p_kR00DPdz",
      "license": {
        "assignee": "",
        "createdAt": "0001-01-01T00:00:00Z",
        "expiresAt": "0001-01-01T00:00:00Z",
        "id": "",
        "type": ""
      },
      "releaseNotes": "",
      "sequence": 0,
      "version": "0.1.4"
    },
    "releaseName": "integration-test-default-vals",
    "upstream": "__upstream__"
  }
}
