{
  "v1": {
    "config": {},
    "releaseName": "nightly",
    "upstream": "__upstream__",
    "metadata": {
      "applicationType": "replicated.app",
      "appSlug": "__appSlug__",
      "licenseID": "__licenseID__",
      "releaseNotes": "",
      "license": {
        "assignee": "integration tests",
        "createdAt": "2019-03-19T00:47:33Z",
        "expiresAt": "0001-01-01T00:00:00Z",
        "id": "F0z1_kk6T06E7WCadEGsfQSM0J-odA5P",
        "type": "dev"
      },
      "sequence": 0,
      "version": "0.0.1"
    },
    "contentSHA": "7ecf2846a73c305b14b1bb2ef080ae62a92736561d7a2eaeaf1eef49749f0a6a"
  }
}
