{
  "v1": {
    "config": {},
    "contentSHA": "144732da22781575a5368e9c50107d0f442aade5f9c84aa539ea372e436fdadb",
    "metadata": {
      "applicationType": "replicated.app",
      "customerID": "-Am-_6i5pw0u4AbspOwKN4lZUCn49u_G",
      "installationID": "WAtB86RsD8koFOgnAEX63TU0mafWsqAj",
      "releaseNotes": "",
      "license": {
        "assignee": "",
        "createdAt": "0001-01-01T00:00:00Z",
        "expiresAt": "0001-01-01T00:00:00Z",
        "id": "",
        "type": ""
      },
      "sequence": 0,
      "version": "0.0.4"
    },
    "releaseName": "integration-test-helm",
    "upstream": "__upstream__"
  }
}
