{
  "v1": {
    "config": {
      "test_option": "abc123_test-option-value"
    },
    "contentSHA": "3b20281c1e73d8d854316d4d74fc3af7675deab50679663566873f147726a11f",
    "metadata": {
      "applicationType": "replicated.app",
      "customerID": "-Am-_6i5pw0u4AbspOwKN4lZUCn49u_G",
      "installationID": "RULNveQLrLj4GDum1yQhvKAcABh0GcLY",
      "license": {
        "assignee": "",
        "createdAt": "0001-01-01T00:00:00Z",
        "expiresAt": "0001-01-01T00:00:00Z",
        "id": "",
        "type": ""
      },
      "releaseNotes": "",
      "sequence": 0,
      "version": "0.0.4"
    },
    "releaseName": "integration-test-basic-and-docker",
    "upstream": "__upstream__"
  }
}
