{
  "v1": {
    "config": {
      "methodType": "GET",
      "resourceURL": "https://raw.githubusercontent.com/replicatedhq/test-charts/5bf016aac1786cb74c678c3419bb8623f0388f8d/web-asset/web-asset"
    },
    "contentSHA": "23d3d4d0f99ade2e646c26822d67dcde9d814de3b92a398648d25ea61a55df48",
    "metadata": {
      "applicationType": "replicated.app",
      "customerID": "-Am-_6i5pw0u4AbspOwKN4lZUCn49u_G",
      "installationID": "6-TGyWWOCG-6hmsa4R1zz9jOL9CWPJy7",
      "license": {
        "assignee": "",
        "createdAt": "0001-01-01T00:00:00Z",
        "expiresAt": "0001-01-01T00:00:00Z",
        "id": "",
        "type": ""
      },
      "releaseNotes": "",
      "sequence": 0,
      "version": "0.0.7"
    },
    "releaseName": "integration-test-web",
    "upstream": "__upstream__"
  }
}
