{
  "v1": {
    "config": {
      "option": "value"
    },
    "contentSHA": "8764659df64cdeb83d13528d96ebe39414c8e0ec9c5bdc2ef0b1829d3957057a",
    "metadata": {
      "applicationType": "replicated.app",
      "customerID": "-Am-_6i5pw0u4AbspOwKN4lZUCn49u_G",
      "installationID": "a5jOQ1Fnb5l-a2uXwFf-YFkUukeVWnbU",
      "license": {
        "assignee": "",
        "createdAt": "0001-01-01T00:00:00Z",
        "expiresAt": "0001-01-01T00:00:00Z",
        "id": "",
        "type": ""
      },
      "releaseNotes": "",
      "sequence": 0,
      "version": "0.0.9"
    },
    "releaseName": "integration-test-dockerlayer",
    "upstream": "__upstream__"
  }
}
