{
  "v1": {
    "config": {},
    "releaseName": "nightly",
    "upstream": "__upstream__",
    "metadata": {
      "applicationType": "replicated.app",
      "sequence": 0,
      "releaseNotes": "",
      "version": "1.0.1",
      "licenseID": "__licenseID__",
      "appSlug": "bool-string-quoting",
      "license": {
        "id": "__licenseID__",
        "assignee": "bool string quoting integration test",
        "createdAt": "2019-07-23T17:45:22Z",
        "expiresAt": "0001-01-01T00:00:00Z",
        "type": "dev"
      }
    },
    "shipVersion": {
      "buildTime": "0001-01-01T00:00:00Z",
      "dependencies": {},
      "go": {
        "version": "go1.12.7",
        "compiler": "gc",
        "os": "darwin",
        "arch": "amd64"
      }
    },
    "contentSHA": "86448f75e9c4bdf955bbfc594e86308449ec5118472db1d8ee6d8039f3c40881"
  }
}
